---
source: crates/tui/tests/session_test.rs
assertion_line: 10
expression: session.screen()
---
"    ╭ mani sync ───────────────────────────────────────────────────────────╮    "
"    │                                                                      │    "
"    │  Clone repositories and update .gitignore                            │    "
"    │                                                                      │    "
"    │  ▸ --forks                                                           │    "
"    │    │ 4                                                               │    "
"    │    maximum number of concurrent processes                            │    "
"    │                                                                      │    "
"    │    --ignore-sync-state                                            ○  │    "
"    │    sync project even if the project's sync field is set to false     │    "
"    │                                                                      │    "
"    │    --parallel                                                     ○  │    "
"    │    clone projects in parallel                                        │    "
"    │                                                                      │    "
"    │    --paths                                                           │    "
"    │    │                                                                 │    "
"    │    clone projects by path                                            │    "
"    │                                                                      │    "
"    │    --remove-orphaned-worktrees                                    ○  │    "
"    │    remove git worktrees not in config                                │    "
"    │                                                                      │    "
"    │    --status                                                       ○  │    "
"    │    display status only                                               │    "
"    │                                                                      │    "
"    │    --sync-gitignore                                               ○  │    "
"    │    sync gitignore                                                    │    "
"    │                                                                      │    "
"    │    --sync-remotes                                                 ○  │    "
"    │    update git remote state                                           │    "
"    │                                                                      │    "
"    │    --tags                                                            │    "
"    │    │                                                                 │    "
"    │    clone projects by tags                                            │    "
"    │                                                                      │    "
"    │    --tags-expr                                                       │    "
"    │    │                                                                 │    "
"    │    clone projects by tag expression                                  │    "
"    │                                                                      │    "
"    │                                                                      │    "
"    │  ── mani ──────────────────────────────────────────────────────────  │    "
"    │                                                                      │    "
"    │    --color                                                        ○  │    "
"    │    enable color                                                      │    "
"    │                                                                      │    "
"    │    --config                                                          │    "
"    │    │                                                                 │    "
"    │    specify config                                                    │    "
"    │                                                                      │    "
"    │    --user-config                                                     │    "
"    │    │                                                                 │    "
"    │    specify user config                                               │    "
"    │                                                                      │    "
"    │                                                                      │    "
"    │                                                                      │    "
"    │                                                                      │    "
"    │                                                                      │    "
"    │  ──────────────────────────────────────────────────────────────────  │    "
"    │  ^r run  ·  ↹ next  ·  space toggle  ·  esc back                     │    "
"    │                                                                      │    "
"    ╰──────────────────────────────────────────────────────────────────────╯    "
