---
source: crates/tui/tests/session_test.rs
expression: session.screen()
---
" Mise Tasks  ›  app  ›  check                                                                       "
" Mise Tasks                     │ app                             │ check                          │"
" ▸ app                          │ ◆ check  Run all project checks │ ▶ run check   (r)              │"
" ▸ repo                         │                                 │                                │"
"                                │                                 │ Run all project checks locally │"
"                                │                                 │                                │"
"                                │                                 │ No parameters                  │"
"                                │                                 │ ────────────────────────────── │"
"                                │                                 │ ▸ api                          │"
"                                │                                 │ ◆ ci  Mirror the full CI pipel │"
"                                │                                 │                                │"
"                                │                                 │                                │"
"                                │                                 │                                │"
"                                │                                 │                                │"
"                                │                                 │                                │"
"                                │                                 │                                │"
"                                │                                 │                                │"
"                                │                                 │                                │"
"                                │                                 │                                │"
"                                │                                 │                                │"
"────────────────────────────────────────────────────────────────────────────────────────────────────"
" Run all project checks locally                                                                     "
"                                                                                                    "
" →/↵ open   r run   ← back   / search   q quit                                                      "
